#
# There is insufficient memory for the Java Runtime Environment to continue.
# Native memory allocation (malloc) failed to allocate 205136 bytes. Error detail: Chunk::new
# Possible reasons:
#   The system is out of physical RAM or swap space
#   This process is running with CompressedOops enabled, and the Java Heap may be blocking the growth of the native heap
# Possible solutions:
#   Reduce memory load on the system
#   Increase physical memory or swap space
#   Check if swap backing store is full
#   Decrease Java heap size (-Xmx/-Xms)
#   Decrease number of Java threads
#   Decrease Java thread stack sizes (-Xss)
#   Set larger code cache with -XX:ReservedCodeCacheSize=
#   JVM is running with Unscaled Compressed Oops mode in which the Java heap is
#     placed in the first 4GB address space. The Java Heap base address is the
#     maximum limit for the native heap growth. Please use -XX:HeapBaseMinAddress
#     to set the Java Heap base and to place the Java Heap above 4GB virtual address.
# This output file may be truncated or incomplete.
#
#  Out of Memory Error (arena.cpp:191), pid=89784, tid=89868
#
# JRE version: OpenJDK Runtime Environment Microsoft-13877129 (17.0.19+10) (build 17.0.19+10-LTS)
# Java VM: OpenJDK 64-Bit Server VM Microsoft-13877129 (17.0.19+10-LTS, mixed mode, sharing, tiered, compressed oops, compressed class ptrs, g1 gc, windows-amd64)
# No core dump will be written. Minidumps are not enabled by default on client versions of Windows
#

---------------  S U M M A R Y ------------

Command Line: -Xmx64m -Xms64m -Dorg.gradle.appname=gradlew E:\Mobile App Development\OurFirstClass\android\\gradle\wrapper\gradle-wrapper.jar app:installDebug -PreactNativeDevServerPort=8081

Host: Intel(R) Core(TM) M-5Y71 CPU @ 1.20GHz, 4 cores, 7G,  Windows 10 , 64 bit Build 19041 (10.0.19041.1348)
Time: Thu Aug 20 20:51:38 2026 Pakistan Standard Time elapsed time: 26.725445 seconds (0d 0h 0m 26s)

---------------  T H R E A D  ---------------

Current thread (0x0000020e3dc061b0):  JavaThread "C2 CompilerThread0" daemon [_thread_in_native, id=89868, stack(0x000000c714200000,0x000000c714300000)]


Current CompileTask:
C2:26725 1507 % !   4       java.io.BufferedReader::readLine @ 139 (327 bytes)

Stack: [0x000000c714200000,0x000000c714300000]
Native frames: (J=compiled Java code, j=interpreted, Vv=VM code, C=native code)
V  [jvm.dll+0x68cc89]  (no source info available)
V  [jvm.dll+0x845d89]  (no source info available)
V  [jvm.dll+0x847af8]  (no source info available)
V  [jvm.dll+0x848183]  (no source info available)
V  [jvm.dll+0x24d0bf]  (no source info available)
V  [jvm.dll+0xaed56]  (no source info available)
V  [jvm.dll+0xaf3fc]  (no source info available)
V  [jvm.dll+0x2b4cdf]  (no source info available)
V  [jvm.dll+0x594a44]  (no source info available)
V  [jvm.dll+0x226ed4]  (no source info available)
V  [jvm.dll+0x2272dd]  (no source info available)
V  [jvm.dll+0x220233]  (no source info available)
V  [jvm.dll+0x21d305]  (no source info available)
V  [jvm.dll+0x1a8db6]  (no source info available)
V  [jvm.dll+0x22dc6b]  (no source info available)
V  [jvm.dll+0x22bdf6]  (no source info available)
V  [jvm.dll+0x7fbecb]  (no source info available)
V  [jvm.dll+0x7f62cc]  (no source info available)
V  [jvm.dll+0x68e227]  (no source info available)
C  [ucrtbase.dll+0x21bb2]  (no source info available)
C  [KERNEL32.DLL+0x17034]  (no source info available)
C  [ntdll.dll+0x52651]  (no source info available)


---------------  P R O C E S S  ---------------

Threads class SMR info:
_java_thread_list=0x0000020e047f8ad0, length=13, elements={
0x0000020e24a17950, 0x0000020e3dbe9ac0, 0x0000020e3dbeac50, 0x0000020e3dc00720,
0x0000020e3dc02200, 0x0000020e3dc02cd0, 0x0000020e3dc055b0, 0x0000020e3dc061b0,
0x0000020e3dc08b80, 0x0000020e3dc79ac0, 0x0000020e7f037ec0, 0x0000020e7f03e660,
0x0000020e7f92b0c0
}

Java Threads: ( => current thread )
  0x0000020e24a17950 JavaThread "main" [_thread_in_vm, id=89812, stack(0x000000c713500000,0x000000c713600000)]
  0x0000020e3dbe9ac0 JavaThread "Reference Handler" daemon [_thread_blocked, id=89844, stack(0x000000c713c00000,0x000000c713d00000)]
  0x0000020e3dbeac50 JavaThread "Finalizer" daemon [_thread_blocked, id=89848, stack(0x000000c713d00000,0x000000c713e00000)]
  0x0000020e3dc00720 JavaThread "Signal Dispatcher" daemon [_thread_blocked, id=89852, stack(0x000000c713e00000,0x000000c713f00000)]
  0x0000020e3dc02200 JavaThread "Attach Listener" daemon [_thread_blocked, id=89856, stack(0x000000c713f00000,0x000000c714000000)]
  0x0000020e3dc02cd0 JavaThread "Service Thread" daemon [_thread_blocked, id=89860, stack(0x000000c714000000,0x000000c714100000)]
  0x0000020e3dc055b0 JavaThread "Monitor Deflation Thread" daemon [_thread_blocked, id=89864, stack(0x000000c714100000,0x000000c714200000)]
=>0x0000020e3dc061b0 JavaThread "C2 CompilerThread0" daemon [_thread_in_native, id=89868, stack(0x000000c714200000,0x000000c714300000)]
  0x0000020e3dc08b80 JavaThread "C1 CompilerThread0" daemon [_thread_blocked, id=89872, stack(0x000000c714300000,0x000000c714400000)]
  0x0000020e3dc79ac0 JavaThread "Sweeper thread" daemon [_thread_blocked, id=89876, stack(0x000000c714400000,0x000000c714500000)]
  0x0000020e7f037ec0 JavaThread "Notification Thread" daemon [_thread_blocked, id=89880, stack(0x000000c714500000,0x000000c714600000)]
  0x0000020e7f03e660 JavaThread "Common-Cleaner" daemon [_thread_blocked, id=89888, stack(0x000000c714700000,0x000000c714800000)]
  0x0000020e7f92b0c0 JavaThread "pool-1-thread-1" [_thread_blocked, id=90016, stack(0x000000c714d00000,0x000000c714e00000)]

Other Threads:
  0x0000020e3dbe3590 VMThread "VM Thread" [stack: 0x000000c713b00000,0x000000c713c00000] [id=89840]
  0x0000020e7f03e3c0 WatcherThread [stack: 0x000000c714600000,0x000000c714700000] [id=89884]
  0x0000020e24a37200 GCTaskThread "GC Thread#0" [stack: 0x000000c713600000,0x000000c713700000] [id=89816]
  0x0000020e7f2ab680 GCTaskThread "GC Thread#1" [stack: 0x000000c714800000,0x000000c714900000] [id=89968]
  0x0000020e7f2b07b0 GCTaskThread "GC Thread#2" [stack: 0x000000c714900000,0x000000c714a00000] [id=89972]
  0x0000020e7f2b0a80 GCTaskThread "GC Thread#3" [stack: 0x000000c714a00000,0x000000c714b00000] [id=89976]
  0x0000020e24a39880 ConcurrentGCThread "G1 Main Marker" [stack: 0x000000c713700000,0x000000c713800000] [id=89820]
  0x0000020e24a3a1b0 ConcurrentGCThread "G1 Conc#0" [stack: 0x000000c713800000,0x000000c713900000] [id=89824]
  0x0000020e24a86f30 ConcurrentGCThread "G1 Refine#0" [stack: 0x000000c713900000,0x000000c713a00000] [id=89828]
  0x0000020e7f944fe0 ConcurrentGCThread "G1 Refine#1" [stack: 0x000000c714c00000,0x000000c714d00000] [id=89992]
  0x0000020e24a87880 ConcurrentGCThread "G1 Service" [stack: 0x000000c713a00000,0x000000c713b00000] [id=89832]

Threads with active compile tasks:
C2 CompilerThread0  26779 1507 % !   4       java.io.BufferedReader::readLine @ 139 (327 bytes)
C1 CompilerThread0  26779 1552       3       java.nio.ByteBuffer::flip (7 bytes)

VM state: not at safepoint (normal execution)

VM Mutex/Monitor currently owned by a thread: None

Heap address: 0x00000000fc000000, size: 64 MB, Compressed Oops mode: 32-bit

CDS archive(s) mapped at: [0x0000020e3e000000-0x0000020e3ebb0000-0x0000020e3ebb0000), size 12255232, SharedBaseAddress: 0x0000020e3e000000, ArchiveRelocationMode: 1.
Compressed class space mapped at: 0x0000020e3f000000-0x0000020e7f000000, reserved size: 1073741824
Narrow klass base: 0x0000020e3e000000, Narrow klass shift: 0, Narrow klass range: 0x100000000

GC Precious Log:
 CPUs: 4 total, 4 available
 Memory: 7729M
 Large Page Support: Disabled
 NUMA Support: Disabled
 Compressed Oops: Enabled (32-bit)
 Heap Region Size: 1M
 Heap Min Capacity: 64M
 Heap Initial Capacity: 64M
 Heap Max Capacity: 64M
 Pre-touch: Disabled
 Parallel Workers: 4
 Concurrent Workers: 1
 Concurrent Refinement Workers: 4
 Periodic GC: Disabled

Heap:
 garbage-first heap   total 65536K, used 40512K [0x00000000fc000000, 0x0000000100000000)
  region size 1024K, 33 young (33792K), 3 survivors (3072K)
 Metaspace       used 9576K, committed 9792K, reserved 1114112K
  class space    used 1273K, committed 1408K, reserved 1048576K

Heap Regions: E=young(eden), S=young(survivor), O=old, HS=humongous(starts), HC=humongous(continues), CS=collection set, F=free, OA=open archive, CA=closed archive, TAMS=top-at-mark-start (previous, next)
|   0|0x00000000fc000000, 0x00000000fc100000, 0x00000000fc100000|100%|HS|  |TAMS 0x00000000fc000000, 0x00000000fc000000| Complete 
|   1|0x00000000fc100000, 0x00000000fc200000, 0x00000000fc200000|100%|HC|  |TAMS 0x00000000fc100000, 0x00000000fc100000| Complete 
|   2|0x00000000fc200000, 0x00000000fc300000, 0x00000000fc300000|100%|HC|  |TAMS 0x00000000fc200000, 0x00000000fc200000| Complete 
|   3|0x00000000fc300000, 0x00000000fc400000, 0x00000000fc400000|100%|HC|  |TAMS 0x00000000fc300000, 0x00000000fc300000| Complete 
|   4|0x00000000fc400000, 0x00000000fc500000, 0x00000000fc500000|100%| O|  |TAMS 0x00000000fc400000, 0x00000000fc400000| Untracked 
|   5|0x00000000fc500000, 0x00000000fc600000, 0x00000000fc600000|100%| O|  |TAMS 0x00000000fc500000, 0x00000000fc500000| Untracked 
|   6|0x00000000fc600000, 0x00000000fc700000, 0x00000000fc700000|100%| O|  |TAMS 0x00000000fc600000, 0x00000000fc600000| Untracked 
|   7|0x00000000fc700000, 0x00000000fc790000, 0x00000000fc800000| 56%| O|  |TAMS 0x00000000fc700000, 0x00000000fc700000| Untracked 
|   8|0x00000000fc800000, 0x00000000fc800000, 0x00000000fc900000|  0%| F|  |TAMS 0x00000000fc800000, 0x00000000fc800000| Untracked 
|   9|0x00000000fc900000, 0x00000000fc900000, 0x00000000fca00000|  0%| F|  |TAMS 0x00000000fc900000, 0x00000000fc900000| Untracked 
|  10|0x00000000fca00000, 0x00000000fca00000, 0x00000000fcb00000|  0%| F|  |TAMS 0x00000000fca00000, 0x00000000fca00000| Untracked 
|  11|0x00000000fcb00000, 0x00000000fcb00000, 0x00000000fcc00000|  0%| F|  |TAMS 0x00000000fcb00000, 0x00000000fcb00000| Untracked 
|  12|0x00000000fcc00000, 0x00000000fcc00000, 0x00000000fcd00000|  0%| F|  |TAMS 0x00000000fcc00000, 0x00000000fcc00000| Untracked 
|  13|0x00000000fcd00000, 0x00000000fcd00000, 0x00000000fce00000|  0%| F|  |TAMS 0x00000000fcd00000, 0x00000000fcd00000| Untracked 
|  14|0x00000000fce00000, 0x00000000fce00000, 0x00000000fcf00000|  0%| F|  |TAMS 0x00000000fce00000, 0x00000000fce00000| Untracked 
|  15|0x00000000fcf00000, 0x00000000fcf00000, 0x00000000fd000000|  0%| F|  |TAMS 0x00000000fcf00000, 0x00000000fcf00000| Untracked 
|  16|0x00000000fd000000, 0x00000000fd000000, 0x00000000fd100000|  0%| F|  |TAMS 0x00000000fd000000, 0x00000000fd000000| Untracked 
|  17|0x00000000fd100000, 0x00000000fd100000, 0x00000000fd200000|  0%| F|  |TAMS 0x00000000fd100000, 0x00000000fd100000| Untracked 
|  18|0x00000000fd200000, 0x00000000fd200000, 0x00000000fd300000|  0%| F|  |TAMS 0x00000000fd200000, 0x00000000fd200000| Untracked 
|  19|0x00000000fd300000, 0x00000000fd300000, 0x00000000fd400000|  0%| F|  |TAMS 0x00000000fd300000, 0x00000000fd300000| Untracked 
|  20|0x00000000fd400000, 0x00000000fd400000, 0x00000000fd500000|  0%| F|  |TAMS 0x00000000fd400000, 0x00000000fd400000| Untracked 
|  21|0x00000000fd500000, 0x00000000fd500000, 0x00000000fd600000|  0%| F|  |TAMS 0x00000000fd500000, 0x00000000fd500000| Untracked 
|  22|0x00000000fd600000, 0x00000000fd600000, 0x00000000fd700000|  0%| F|  |TAMS 0x00000000fd600000, 0x00000000fd600000| Untracked 
|  23|0x00000000fd700000, 0x00000000fd700000, 0x00000000fd800000|  0%| F|  |TAMS 0x00000000fd700000, 0x00000000fd700000| Untracked 
|  24|0x00000000fd800000, 0x00000000fd800000, 0x00000000fd900000|  0%| F|  |TAMS 0x00000000fd800000, 0x00000000fd800000| Untracked 
|  25|0x00000000fd900000, 0x00000000fd900000, 0x00000000fda00000|  0%| F|  |TAMS 0x00000000fd900000, 0x00000000fd900000| Untracked 
|  26|0x00000000fda00000, 0x00000000fda00000, 0x00000000fdb00000|  0%| F|  |TAMS 0x00000000fda00000, 0x00000000fda00000| Untracked 
|  27|0x00000000fdb00000, 0x00000000fdb00000, 0x00000000fdc00000|  0%| F|  |TAMS 0x00000000fdb00000, 0x00000000fdb00000| Untracked 
|  28|0x00000000fdc00000, 0x00000000fdc00000, 0x00000000fdd00000|  0%| F|  |TAMS 0x00000000fdc00000, 0x00000000fdc00000| Untracked 
|  29|0x00000000fdd00000, 0x00000000fdd00000, 0x00000000fde00000|  0%| F|  |TAMS 0x00000000fdd00000, 0x00000000fdd00000| Untracked 
|  30|0x00000000fde00000, 0x00000000fde00000, 0x00000000fdf00000|  0%| F|  |TAMS 0x00000000fde00000, 0x00000000fde00000| Untracked 
|  31|0x00000000fdf00000, 0x00000000fdf80000, 0x00000000fe000000| 50%| E|  |TAMS 0x00000000fdf00000, 0x00000000fdf00000| Complete 
|  32|0x00000000fe000000, 0x00000000fe100000, 0x00000000fe100000|100%| E|CS|TAMS 0x00000000fe000000, 0x00000000fe000000| Complete 
|  33|0x00000000fe100000, 0x00000000fe200000, 0x00000000fe200000|100%| E|CS|TAMS 0x00000000fe100000, 0x00000000fe100000| Complete 
|  34|0x00000000fe200000, 0x00000000fe300000, 0x00000000fe300000|100%| E|CS|TAMS 0x00000000fe200000, 0x00000000fe200000| Complete 
|  35|0x00000000fe300000, 0x00000000fe400000, 0x00000000fe400000|100%| E|CS|TAMS 0x00000000fe300000, 0x00000000fe300000| Complete 
|  36|0x00000000fe400000, 0x00000000fe500000, 0x00000000fe500000|100%| E|CS|TAMS 0x00000000fe400000, 0x00000000fe400000| Complete 
|  37|0x00000000fe500000, 0x00000000fe600000, 0x00000000fe600000|100%| E|CS|TAMS 0x00000000fe500000, 0x00000000fe500000| Complete 
|  38|0x00000000fe600000, 0x00000000fe700000, 0x00000000fe700000|100%| E|CS|TAMS 0x00000000fe600000, 0x00000000fe600000| Complete 
|  39|0x00000000fe700000, 0x00000000fe800000, 0x00000000fe800000|100%| E|CS|TAMS 0x00000000fe700000, 0x00000000fe700000| Complete 
|  40|0x00000000fe800000, 0x00000000fe900000, 0x00000000fe900000|100%| E|CS|TAMS 0x00000000fe800000, 0x00000000fe800000| Complete 
|  41|0x00000000fe900000, 0x00000000fea00000, 0x00000000fea00000|100%| S|CS|TAMS 0x00000000fe900000, 0x00000000fe900000| Complete 
|  42|0x00000000fea00000, 0x00000000feb00000, 0x00000000feb00000|100%| S|CS|TAMS 0x00000000fea00000, 0x00000000fea00000| Complete 
|  43|0x00000000feb00000, 0x00000000fec00000, 0x00000000fec00000|100%| S|CS|TAMS 0x00000000feb00000, 0x00000000feb00000| Complete 
|  44|0x00000000fec00000, 0x00000000fed00000, 0x00000000fed00000|100%| E|CS|TAMS 0x00000000fec00000, 0x00000000fec00000| Complete 
|  45|0x00000000fed00000, 0x00000000fee00000, 0x00000000fee00000|100%| E|CS|TAMS 0x00000000fed00000, 0x00000000fed00000| Complete 
|  46|0x00000000fee00000, 0x00000000fef00000, 0x00000000fef00000|100%| E|CS|TAMS 0x00000000fee00000, 0x00000000fee00000| Complete 
|  47|0x00000000fef00000, 0x00000000ff000000, 0x00000000ff000000|100%| E|CS|TAMS 0x00000000fef00000, 0x00000000fef00000| Complete 
|  48|0x00000000ff000000, 0x00000000ff100000, 0x00000000ff100000|100%| E|CS|TAMS 0x00000000ff000000, 0x00000000ff000000| Complete 
|  49|0x00000000ff100000, 0x00000000ff200000, 0x00000000ff200000|100%| E|CS|TAMS 0x00000000ff100000, 0x00000000ff100000| Complete 
|  50|0x00000000ff200000, 0x00000000ff300000, 0x00000000ff300000|100%| E|CS|TAMS 0x00000000ff200000, 0x00000000ff200000| Complete 
|  51|0x00000000ff300000, 0x00000000ff400000, 0x00000000ff400000|100%| E|CS|TAMS 0x00000000ff300000, 0x00000000ff300000| Complete 
|  52|0x00000000ff400000, 0x00000000ff500000, 0x00000000ff500000|100%| E|CS|TAMS 0x00000000ff400000, 0x00000000ff400000| Complete 
|  53|0x00000000ff500000, 0x00000000ff600000, 0x00000000ff600000|100%| E|CS|TAMS 0x00000000ff500000, 0x00000000ff500000| Complete 
|  54|0x00000000ff600000, 0x00000000ff700000, 0x00000000ff700000|100%| E|CS|TAMS 0x00000000ff600000, 0x00000000ff600000| Complete 
|  55|0x00000000ff700000, 0x00000000ff800000, 0x00000000ff800000|100%| E|CS|TAMS 0x00000000ff700000, 0x00000000ff700000| Complete 
|  56|0x00000000ff800000, 0x00000000ff900000, 0x00000000ff900000|100%| E|CS|TAMS 0x00000000ff800000, 0x00000000ff800000| Complete 
|  57|0x00000000ff900000, 0x00000000ffa00000, 0x00000000ffa00000|100%| E|CS|TAMS 0x00000000ff900000, 0x00000000ff900000| Complete 
|  58|0x00000000ffa00000, 0x00000000ffb00000, 0x00000000ffb00000|100%| E|CS|TAMS 0x00000000ffa00000, 0x00000000ffa00000| Complete 
|  59|0x00000000ffb00000, 0x00000000ffc00000, 0x00000000ffc00000|100%| E|CS|TAMS 0x00000000ffb00000, 0x00000000ffb00000| Complete 
|  60|0x00000000ffc00000, 0x00000000ffd00000, 0x00000000ffd00000|100%| E|CS|TAMS 0x00000000ffc00000, 0x00000000ffc00000| Complete 
|  61|0x00000000ffd00000, 0x00000000ffe00000, 0x00000000ffe00000|100%| E|CS|TAMS 0x00000000ffd00000, 0x00000000ffd00000| Complete 
|  62|0x00000000ffe00000, 0x00000000fff00000, 0x00000000fff00000|100%| E|CS|TAMS 0x00000000ffe00000, 0x00000000ffe00000| Complete 
|  63|0x00000000fff00000, 0x0000000100000000, 0x0000000100000000|100%| E|CS|TAMS 0x00000000fff00000, 0x00000000fff00000| Complete 

Card table byte_map: [0x0000020e24850000,0x0000020e24870000] _byte_map_base: 0x0000020e24070000

Marking Bits (Prev, Next): (CMBitMap*) 0x0000020e24a38750, (CMBitMap*) 0x0000020e24a38790
 Prev Bits: [0x0000020e24890000, 0x0000020e24990000)
 Next Bits: [0x0000020e3b5c0000, 0x0000020e3b6c0000)

Polling page: 0x0000020e241e0000

Metaspace:

Usage:
  Non-class:      8.12 MB used.
      Class:      1.24 MB used.
       Both:      9.36 MB used.

Virtual space:
  Non-class space:       64.00 MB reserved,       8.19 MB ( 13%) committed,  1 nodes.
      Class space:        1.00 GB reserved,       1.38 MB ( <1%) committed,  1 nodes.
             Both:        1.06 GB reserved,       9.56 MB ( <1%) committed. 

Chunk freelists:
   Non-Class:  7.50 MB
       Class:  14.48 MB
        Both:  21.98 MB

MaxMetaspaceSize: unlimited
CompressedClassSpaceSize: 1.00 GB
Initial GC threshold: 21.00 MB
Current GC threshold: 21.00 MB
CDS: on
MetaspaceReclaimPolicy: balanced
 - commit_granule_bytes: 65536.
 - commit_granule_words: 8192.
 - virtual_space_node_default_size: 8388608.
 - enlarge_chunks_in_place: 1.
 - new_chunks_are_fully_committed: 0.
 - uncommit_free_chunks: 1.
 - use_allocation_guard: 0.
 - handle_deallocations: 1.


Internal statistics:

num_allocs_failed_limit: 0.
num_arena_births: 82.
num_arena_deaths: 0.
num_vsnodes_births: 2.
num_vsnodes_deaths: 0.
num_space_committed: 153.
num_space_uncommitted: 0.
num_chunks_returned_to_freelist: 0.
num_chunks_taken_from_freelist: 356.
num_chunk_merges: 0.
num_chunk_splits: 232.
num_chunks_enlarged: 191.
num_inconsistent_stats: 0.

CodeHeap 'non-profiled nmethods': size=120000Kb used=721Kb max_used=721Kb free=119278Kb
 bounds [0x0000020e34090000, 0x0000020e34300000, 0x0000020e3b5c0000]
CodeHeap 'profiled nmethods': size=120000Kb used=2840Kb max_used=2840Kb free=117159Kb
 bounds [0x0000020e2c5c0000, 0x0000020e2c890000, 0x0000020e33af0000]
CodeHeap 'non-nmethods': size=5760Kb used=1170Kb max_used=1184Kb free=4589Kb
 bounds [0x0000020e33af0000, 0x0000020e33d60000, 0x0000020e34090000]
 total_blobs=2015 nmethods=1547 adapters=381
 compilation: enabled
              stopped_count=0, restarted_count=0
 full_count=0

Compilation events (20 events):
Event: 26.699 Thread 0x0000020e3dc08b80 1517       3       java.util.ArrayDeque::remove (5 bytes)
Event: 26.699 Thread 0x0000020e3dc08b80 nmethod 1517 0x0000020e2c87a290 code [0x0000020e2c87a460, 0x0000020e2c87a6f8]
Event: 26.699 Thread 0x0000020e3dc08b80 1518       3       java.nio.ByteBuffer::position (6 bytes)
Event: 26.699 Thread 0x0000020e3dc08b80 nmethod 1518 0x0000020e2c87a810 code [0x0000020e2c87a9c0, 0x0000020e2c87ab88]
Event: 26.700 Thread 0x0000020e3dc08b80 1519       3       java.nio.charset.CoderResult::isUnderflow (13 bytes)
Event: 26.700 Thread 0x0000020e3dc08b80 nmethod 1519 0x0000020e2c87ac10 code [0x0000020e2c87ada0, 0x0000020e2c87aef8]
Event: 26.703 Thread 0x0000020e3dc08b80 1520       1       java.nio.Buffer::capacity (5 bytes)
Event: 26.703 Thread 0x0000020e3dc08b80 nmethod 1520 0x0000020e34143110 code [0x0000020e341432a0, 0x0000020e34143378]
Event: 26.706 Thread 0x0000020e3dc08b80 1521       3       java.nio.CharBuffer::position (6 bytes)
Event: 26.706 Thread 0x0000020e3dc08b80 nmethod 1521 0x0000020e2c87af90 code [0x0000020e2c87b140, 0x0000020e2c87b2e8]
Event: 26.706 Thread 0x0000020e3dc08b80 1522       3       java.nio.CharBuffer::position (8 bytes)
Event: 26.706 Thread 0x0000020e3dc08b80 nmethod 1522 0x0000020e2c87b390 code [0x0000020e2c87b540, 0x0000020e2c87b688]
Event: 26.710 Thread 0x0000020e3dc08b80 1523       3       java.nio.Buffer::remaining (20 bytes)
Event: 26.710 Thread 0x0000020e3dc08b80 nmethod 1523 0x0000020e2c87b710 code [0x0000020e2c87b8c0, 0x0000020e2c87ba38]
Event: 26.710 Thread 0x0000020e3dc08b80 1524       3       java.nio.HeapByteBuffer::ix (7 bytes)
Event: 26.710 Thread 0x0000020e3dc08b80 nmethod 1524 0x0000020e2c87bb10 code [0x0000020e2c87bca0, 0x0000020e2c87bdb8]
Event: 26.711 Thread 0x0000020e3dc08b80 1525       3       java.nio.CharBuffer::arrayOffset (35 bytes)
Event: 26.711 Thread 0x0000020e3dc08b80 nmethod 1525 0x0000020e2c87be90 code [0x0000020e2c87c060, 0x0000020e2c87c318]
Event: 26.712 Thread 0x0000020e3dc08b80 1526       3       java.util.Arrays::hashCode (56 bytes)
Event: 26.713 Thread 0x0000020e3dc08b80 nmethod 1526 0x0000020e2c87c490 code [0x0000020e2c87c660, 0x0000020e2c87c9a8]

GC Heap History (4 events):
Event: 1.141 GC heap before
{Heap before GC invocations=0 (full 0):
 garbage-first heap   total 65536K, used 13312K [0x00000000fc000000, 0x0000000100000000)
  region size 1024K, 13 young (13312K), 0 survivors (0K)
 Metaspace       used 1683K, committed 1792K, reserved 1114112K
  class space    used 159K, committed 192K, reserved 1048576K
}
Event: 1.179 GC heap after
{Heap after GC invocations=1 (full 0):
 garbage-first heap   total 65536K, used 1448K [0x00000000fc000000, 0x0000000100000000)
  region size 1024K, 2 young (2048K), 2 survivors (2048K)
 Metaspace       used 1683K, committed 1792K, reserved 1114112K
  class space    used 159K, committed 192K, reserved 1048576K
}
Event: 2.155 GC heap before
{Heap before GC invocations=1 (full 0):
 garbage-first heap   total 65536K, used 22952K [0x00000000fc000000, 0x0000000100000000)
  region size 1024K, 20 young (20480K), 2 survivors (2048K)
 Metaspace       used 1932K, committed 2048K, reserved 1114112K
  class space    used 164K, committed 192K, reserved 1048576K
}
Event: 2.168 GC heap after
{Heap after GC invocations=2 (full 0):
 garbage-first heap   total 65536K, used 10816K [0x00000000fc000000, 0x0000000100000000)
  region size 1024K, 3 young (3072K), 3 survivors (3072K)
 Metaspace       used 1932K, committed 2048K, reserved 1114112K
  class space    used 164K, committed 192K, reserved 1048576K
}

Dll operation events (13 events):
Event: 0.015 Loaded shared library C:\Program Files\Microsoft\jdk-17.0.19.10-hotspot\bin\java.dll
Event: 0.060 Loaded shared library C:\Program Files\Microsoft\jdk-17.0.19.10-hotspot\bin\jsvml.dll
Event: 0.194 Loaded shared library C:\Program Files\Microsoft\jdk-17.0.19.10-hotspot\bin\net.dll
Event: 0.198 Loaded shared library C:\Program Files\Microsoft\jdk-17.0.19.10-hotspot\bin\nio.dll
Event: 0.206 Loaded shared library C:\Program Files\Microsoft\jdk-17.0.19.10-hotspot\bin\zip.dll
Event: 1.715 Loaded shared library C:\Program Files\Microsoft\jdk-17.0.19.10-hotspot\bin\jimage.dll
Event: 3.016 Loaded shared library C:\Program Files\Microsoft\jdk-17.0.19.10-hotspot\bin\management.dll
Event: 3.027 Loaded shared library C:\Program Files\Microsoft\jdk-17.0.19.10-hotspot\bin\management_ext.dll
Event: 3.192 Loaded shared library C:\Users\Dell\.gradle\native\660c5614fbf4a5f2a75b1949f50a0caf5cd603558e7d8a26e50b933a0cfb79d1\windows-amd64\native-platform.dll
Event: 3.333 Loaded shared library C:\Users\Dell\.gradle\native\jansi\2.4.2\Windows\x86_64\jansi.dll
Event: 4.261 Loaded shared library C:\Program Files\Microsoft\jdk-17.0.19.10-hotspot\bin\extnet.dll
Event: 4.862 Loaded shared library C:\Program Files\Microsoft\jdk-17.0.19.10-hotspot\bin\sunmscapi.dll
Event: 5.113 Loaded shared library C:\Program Files\Microsoft\jdk-17.0.19.10-hotspot\bin\verify.dll

Deoptimization events (20 events):
Event: 4.894 Thread 0x0000020e24a17950 DEOPT PACKING pc=0x0000020e340d6db0 sp=0x000000c7135fa900
Event: 4.894 Thread 0x0000020e24a17950 DEOPT UNPACKING pc=0x0000020e33b469a3 sp=0x000000c7135fa838 mode 2
Event: 4.954 Thread 0x0000020e24a17950 DEOPT PACKING pc=0x0000020e2c829c29 sp=0x000000c7135fbeb0
Event: 4.954 Thread 0x0000020e24a17950 DEOPT UNPACKING pc=0x0000020e33b47143 sp=0x000000c7135fb3c0 mode 0
Event: 5.025 Thread 0x0000020e24a17950 Uncommon trap: trap_request=0xffffffde fr.pc=0x0000020e340c7d14 relative=0x0000000000000074
Event: 5.025 Thread 0x0000020e24a17950 Uncommon trap: reason=class_check action=maybe_recompile pc=0x0000020e340c7d14 method=java.util.AbstractList$Itr.hasNext()Z @ 8 c2
Event: 5.025 Thread 0x0000020e24a17950 DEOPT PACKING pc=0x0000020e340c7d14 sp=0x000000c7135fc600
Event: 5.025 Thread 0x0000020e24a17950 DEOPT UNPACKING pc=0x0000020e33b469a3 sp=0x000000c7135fc598 mode 2
Event: 5.025 Thread 0x0000020e24a17950 Uncommon trap: trap_request=0xffffffde fr.pc=0x0000020e340cacd4 relative=0x00000000000000b4
Event: 5.025 Thread 0x0000020e24a17950 Uncommon trap: reason=class_check action=maybe_recompile pc=0x0000020e340cacd4 method=java.util.AbstractList$Itr.next()Ljava/lang/Object; @ 14 c2
Event: 5.025 Thread 0x0000020e24a17950 DEOPT PACKING pc=0x0000020e340cacd4 sp=0x000000c7135fc5f0
Event: 5.025 Thread 0x0000020e24a17950 DEOPT UNPACKING pc=0x0000020e33b469a3 sp=0x000000c7135fc588 mode 2
Event: 5.367 Thread 0x0000020e7f92b0c0 Uncommon trap: trap_request=0xffffffde fr.pc=0x0000020e340c7d14 relative=0x0000000000000074
Event: 5.367 Thread 0x0000020e7f92b0c0 Uncommon trap: reason=class_check action=maybe_recompile pc=0x0000020e340c7d14 method=java.util.AbstractList$Itr.hasNext()Z @ 8 c2
Event: 5.367 Thread 0x0000020e7f92b0c0 DEOPT PACKING pc=0x0000020e340c7d14 sp=0x000000c714dfec70
Event: 5.367 Thread 0x0000020e7f92b0c0 DEOPT UNPACKING pc=0x0000020e33b469a3 sp=0x000000c714dfec08 mode 2
Event: 5.367 Thread 0x0000020e7f92b0c0 Uncommon trap: trap_request=0xffffffde fr.pc=0x0000020e340cacd4 relative=0x00000000000000b4
Event: 5.367 Thread 0x0000020e7f92b0c0 Uncommon trap: reason=class_check action=maybe_recompile pc=0x0000020e340cacd4 method=java.util.AbstractList$Itr.next()Ljava/lang/Object; @ 14 c2
Event: 5.367 Thread 0x0000020e7f92b0c0 DEOPT PACKING pc=0x0000020e340cacd4 sp=0x000000c714dfec60
Event: 5.367 Thread 0x0000020e7f92b0c0 DEOPT UNPACKING pc=0x0000020e33b469a3 sp=0x000000c714dfebf8 mode 2

Classes loaded (20 events):
Event: 26.672 Loading class java/nio/file/FileChannelLinesSpliterator
Event: 26.672 Loading class java/nio/file/FileChannelLinesSpliterator done
Event: 26.673 Loading class sun/nio/fs/WindowsSecurityDescriptor
Event: 26.673 Loading class sun/nio/fs/WindowsSecurityDescriptor done
Event: 26.674 Loading class sun/nio/fs/WindowsChannelFactory
Event: 26.674 Loading class sun/nio/fs/WindowsChannelFactory done
Event: 26.674 Loading class sun/nio/fs/WindowsChannelFactory$1
Event: 26.675 Loading class sun/nio/fs/WindowsChannelFactory$1 done
Event: 26.675 Loading class sun/nio/fs/WindowsChannelFactory$Flags
Event: 26.675 Loading class sun/nio/fs/WindowsChannelFactory$Flags done
Event: 26.675 Loading class sun/nio/fs/WindowsChannelFactory$2
Event: 26.675 Loading class sun/nio/fs/WindowsChannelFactory$2 done
Event: 26.676 Loading class sun/nio/ch/FileChannelImpl$Closer
Event: 26.676 Loading class sun/nio/ch/FileChannelImpl$Closer done
Event: 26.678 Loading class java/util/stream/Streams$1
Event: 26.679 Loading class java/util/stream/Streams$1 done
Event: 26.688 Loading class java/nio/file/FileChannelLinesSpliterator$1
Event: 26.689 Loading class java/nio/file/FileChannelLinesSpliterator$1 done
Event: 26.689 Loading class java/nio/channels/Channels
Event: 26.689 Loading class java/nio/channels/Channels done

Classes unloaded (0 events):
No events

Classes redefined (0 events):
No events

Internal exceptions (20 events):
Event: 3.305 Thread 0x0000020e24a17950 Exception <a 'java/lang/NullPointerException'{0x00000000ff4c87f8}> (0x00000000ff4c87f8) 
thrown [s\src\hotspot\share\interpreter\linkResolver.cpp, line 1350]
Event: 3.346 Thread 0x0000020e24a17950 Exception <a 'java/lang/NoSuchMethodError'{0x00000000ff4ee020}: 'void java.lang.invoke.DirectMethodHandle$Holder.invokeStatic(java.lang.Object, long, java.lang.Object)'> (0x00000000ff4ee020) 
thrown [s\src\hotspot\share\interpreter\linkResolver.cpp, line 759]
Event: 3.347 Thread 0x0000020e24a17950 Exception <a 'java/lang/NoSuchMethodError'{0x00000000ff4f4330}: 'java.lang.Object java.lang.invoke.DirectMethodHandle$Holder.newInvokeSpecial(java.lang.Object, long, java.lang.Object)'> (0x00000000ff4f4330) 
thrown [s\src\hotspot\share\interpreter\linkResolver.cpp, line 759]
Event: 3.351 Thread 0x0000020e24a17950 Exception <a 'java/lang/NullPointerException'{0x00000000ff300c60}> (0x00000000ff300c60) 
thrown [s\src\hotspot\share\interpreter\linkResolver.cpp, line 1350]
Event: 3.351 Thread 0x0000020e24a17950 Exception <a 'java/lang/NullPointerException'{0x00000000ff3011e0}> (0x00000000ff3011e0) 
thrown [s\src\hotspot\share\interpreter\linkResolver.cpp, line 1350]
Event: 3.351 Thread 0x0000020e24a17950 Exception <a 'java/lang/NullPointerException'{0x00000000ff301760}> (0x00000000ff301760) 
thrown [s\src\hotspot\share\interpreter\linkResolver.cpp, line 1350]
Event: 3.353 Thread 0x0000020e24a17950 Exception <a 'java/lang/NullPointerException'{0x00000000ff308de8}> (0x00000000ff308de8) 
thrown [s\src\hotspot\share\interpreter\linkResolver.cpp, line 1350]
Event: 3.356 Thread 0x0000020e24a17950 Exception <a 'java/lang/NullPointerException'{0x00000000ff322fb0}> (0x00000000ff322fb0) 
thrown [s\src\hotspot\share\interpreter\linkResolver.cpp, line 1350]
Event: 3.357 Thread 0x0000020e24a17950 Exception <a 'java/lang/NullPointerException'{0x00000000ff323530}> (0x00000000ff323530) 
thrown [s\src\hotspot\share\interpreter\linkResolver.cpp, line 1350]
Event: 3.357 Thread 0x0000020e24a17950 Exception <a 'java/lang/NullPointerException'{0x00000000ff323ab0}> (0x00000000ff323ab0) 
thrown [s\src\hotspot\share\interpreter\linkResolver.cpp, line 1350]
Event: 3.357 Thread 0x0000020e24a17950 Exception <a 'java/lang/NullPointerException'{0x00000000ff324030}> (0x00000000ff324030) 
thrown [s\src\hotspot\share\interpreter\linkResolver.cpp, line 1350]
Event: 3.555 Thread 0x0000020e24a17950 Exception <a 'java/lang/NoSuchMethodError'{0x00000000ff0aa160}: 'java.lang.Object java.lang.invoke.DirectMethodHandle$Holder.newInvokeSpecial(java.lang.Object, java.lang.Object, java.lang.Object, java.lang.Object, java.lang.Object)'> (0x00000000ff0aa160) 
thrown [s\src\hotspot\share\interpreter\linkResolver.cpp, line 759]
Event: 3.646 Thread 0x0000020e24a17950 Exception <a 'java/lang/NoSuchMethodError'{0x00000000fee2a610}: 'void java.lang.invoke.DirectMethodHandle$Holder.invokeSpecial(java.lang.Object, java.lang.Object, java.lang.Object)'> (0x00000000fee2a610) 
thrown [s\src\hotspot\share\interpreter\linkResolver.cpp, line 759]
Event: 3.650 Thread 0x0000020e24a17950 Implicit null exception at 0x0000020e340d568b to 0x0000020e340d5bc8
Event: 4.266 Thread 0x0000020e24a17950 Exception <a 'java/lang/NoSuchMethodError'{0x00000000fec9dc58}: 'void java.lang.invoke.DirectMethodHandle$Holder.invokeStatic(java.lang.Object, java.lang.Object, java.lang.Object)'> (0x00000000fec9dc58) 
thrown [s\src\hotspot\share\interpreter\linkResolver.cpp, line 759]
Event: 4.610 Thread 0x0000020e24a17950 Exception <a 'java/lang/NoSuchMethodError'{0x00000000fe345f00}: 'java.lang.Object java.lang.invoke.DirectMethodHandle$Holder.invokeStaticInit(java.lang.Object, int, int, int, int)'> (0x00000000fe345f00) 
thrown [s\src\hotspot\share\interpreter\linkResolver.cpp, line 759]
Event: 4.717 Thread 0x0000020e24a17950 Exception <a 'java/lang/NoSuchMethodError'{0x00000000fe3604b8}: 'java.lang.Object java.lang.invoke.DirectMethodHandle$Holder.invokeStaticInit(java.lang.Object, java.lang.Object, int, int, int, int)'> (0x00000000fe3604b8) 
thrown [s\src\hotspot\share\interpreter\linkResolver.cpp, line 759]
Event: 4.781 Thread 0x0000020e24a17950 Implicit null exception at 0x0000020e340d9c72 to 0x0000020e340da248
Event: 26.665 Thread 0x0000020e24a17950 Exception <a 'sun/net/ConnectionResetException'{0x00000000fe05a9b8}: Connection reset> (0x00000000fe05a9b8) 
thrown [s\src\hotspot\share\prims\jni.cpp, line 535]
Event: 26.713 Thread 0x0000020e24a17950 Exception <a 'java/lang/NoSuchMethodError'{0x00000000fdf481e0}: 'int java.lang.invoke.DirectMethodHandle$Holder.invokeVirtual(java.lang.Object, java.lang.Object)'> (0x00000000fdf481e0) 
thrown [s\src\hotspot\share\interpreter\linkResolver.cpp, line 759]

VM Operations (20 events):
Event: 5.825 Executing VM operation: HandshakeAllThreads
Event: 5.825 Executing VM operation: HandshakeAllThreads done
Event: 5.825 Executing VM operation: Cleanup
Event: 5.825 Executing VM operation: Cleanup done
Event: 8.858 Executing VM operation: Cleanup
Event: 8.858 Executing VM operation: Cleanup done
Event: 9.868 Executing VM operation: Cleanup
Event: 9.868 Executing VM operation: Cleanup done
Event: 10.876 Executing VM operation: Cleanup
Event: 10.876 Executing VM operation: Cleanup done
Event: 12.893 Executing VM operation: Cleanup
Event: 12.893 Executing VM operation: Cleanup done
Event: 17.937 Executing VM operation: Cleanup
Event: 17.937 Executing VM operation: Cleanup done
Event: 21.974 Executing VM operation: Cleanup
Event: 21.974 Executing VM operation: Cleanup done
Event: 22.987 Executing VM operation: Cleanup
Event: 22.987 Executing VM operation: Cleanup done
Event: 26.018 Executing VM operation: Cleanup
Event: 26.018 Executing VM operation: Cleanup done

Memory protections (0 events):
No events

Nmethod flushes (0 events):
No events

Events (19 events):
Event: 0.061 Thread 0x0000020e24a17950 Thread added: 0x0000020e24a17950
Event: 0.070 Thread 0x0000020e24a17950 Thread added: 0x0000020e3dbe9ac0
Event: 0.070 Thread 0x0000020e24a17950 Thread added: 0x0000020e3dbeac50
Event: 0.096 Thread 0x0000020e24a17950 Thread added: 0x0000020e3dc00720
Event: 0.096 Thread 0x0000020e24a17950 Thread added: 0x0000020e3dc02200
Event: 0.096 Thread 0x0000020e24a17950 Thread added: 0x0000020e3dc02cd0
Event: 0.096 Thread 0x0000020e24a17950 Thread added: 0x0000020e3dc055b0
Event: 0.097 Thread 0x0000020e24a17950 Thread added: 0x0000020e3dc061b0
Event: 0.099 Thread 0x0000020e24a17950 Thread added: 0x0000020e3dc08b80
Event: 0.107 Thread 0x0000020e24a17950 Thread added: 0x0000020e3dc79ac0
Event: 0.175 Thread 0x0000020e24a17950 Thread added: 0x0000020e7f037ec0
Event: 0.177 Thread 0x0000020e24a17950 Thread added: 0x0000020e7f03e660
Event: 1.665 Thread 0x0000020e3dc08b80 Thread added: 0x0000020e7f28df90
Event: 2.902 Thread 0x0000020e7f28df90 Thread exited: 0x0000020e7f28df90
Event: 3.329 Thread 0x0000020e24a17950 Thread added: 0x0000020e7f878f90
Event: 3.425 Thread 0x0000020e24a17950 Thread added: 0x0000020e7f92b0c0
Event: 3.556 Thread 0x0000020e3dc08b80 Thread added: 0x0000020e046643e0
Event: 3.699 Thread 0x0000020e7f878f90 Thread exited: 0x0000020e7f878f90
Event: 3.993 Thread 0x0000020e046643e0 Thread exited: 0x0000020e046643e0


Dynamic libraries:
0x00007ff79ba40000 - 0x00007ff79ba4e000 	C:\Program Files\Microsoft\jdk-17.0.19.10-hotspot\bin\java.exe
0x00007ff9017f0000 - 0x00007ff9019e5000 	C:\Windows\SYSTEM32\ntdll.dll
0x00007ff900c90000 - 0x00007ff900d4e000 	C:\Windows\System32\KERNEL32.DLL
0x00007ff8ff220000 - 0x00007ff8ff4e8000 	C:\Windows\System32\KERNELBASE.dll
0x00007ff8ff070000 - 0x00007ff8ff170000 	C:\Windows\System32\ucrtbase.dll
0x00007ff8b5990000 - 0x00007ff8b59a8000 	C:\Program Files\Microsoft\jdk-17.0.19.10-hotspot\bin\jli.dll
0x00007ff8b59b0000 - 0x00007ff8b59ce000 	C:\Program Files\Microsoft\jdk-17.0.19.10-hotspot\bin\VCRUNTIME140.dll
0x00007ff8ff830000 - 0x00007ff8ff9d1000 	C:\Windows\System32\USER32.dll
0x00007ff8ed680000 - 0x00007ff8ed91a000 	C:\Windows\WinSxS\amd64_microsoft.windows.common-controls_6595b64144ccf1df_6.0.19041.1110_none_60b5254171f9507e\COMCTL32.dll
0x00007ff8ff540000 - 0x00007ff8ff562000 	C:\Windows\System32\win32u.dll
0x00007ff900dc0000 - 0x00007ff900deb000 	C:\Windows\System32\GDI32.dll
0x00007ff900450000 - 0x00007ff9004ee000 	C:\Windows\System32\msvcrt.dll
0x00007ff8fef00000 - 0x00007ff8ff00d000 	C:\Windows\System32\gdi32full.dll
0x00007ff8ff790000 - 0x00007ff8ff82d000 	C:\Windows\System32\msvcp_win.dll
0x00007ff8ffb00000 - 0x00007ff8ffb30000 	C:\Windows\System32\IMM32.DLL
0x00007ff8b5980000 - 0x00007ff8b598c000 	C:\Program Files\Microsoft\jdk-17.0.19.10-hotspot\bin\vcruntime140_1.dll
0x00007ff8b58f0000 - 0x00007ff8b5979000 	C:\Program Files\Microsoft\jdk-17.0.19.10-hotspot\bin\msvcp140.dll
0x00007ff8b4c70000 - 0x00007ff8b58eb000 	C:\Program Files\Microsoft\jdk-17.0.19.10-hotspot\bin\server\jvm.dll
0x00007ff901270000 - 0x00007ff90131c000 	C:\Windows\System32\ADVAPI32.dll
0x00007ff8ffc60000 - 0x00007ff8ffcfb000 	C:\Windows\System32\sechost.dll
0x00007ff900a70000 - 0x00007ff900b9a000 	C:\Windows\System32\RPCRT4.dll
0x00007ff900910000 - 0x00007ff90097b000 	C:\Windows\System32\WS2_32.dll
0x00007ff8fe4c0000 - 0x00007ff8fe50b000 	C:\Windows\SYSTEM32\POWRPROF.dll
0x00007ff8ea220000 - 0x00007ff8ea247000 	C:\Windows\SYSTEM32\WINMM.dll
0x00007ff8efaa0000 - 0x00007ff8efaaa000 	C:\Windows\SYSTEM32\VERSION.dll
0x00007ff8fe330000 - 0x00007ff8fe342000 	C:\Windows\SYSTEM32\UMPDC.dll
0x00007ff8fd780000 - 0x00007ff8fd792000 	C:\Windows\SYSTEM32\kernel.appcore.dll
0x00007ff8b4c60000 - 0x00007ff8b4c6a000 	C:\Program Files\Microsoft\jdk-17.0.19.10-hotspot\bin\jimage.dll
0x00007ff8fd410000 - 0x00007ff8fd5f4000 	C:\Windows\SYSTEM32\DBGHELP.DLL
0x00007ff8e8fb0000 - 0x00007ff8e8fdc000 	C:\Windows\SYSTEM32\dbgcore.DLL
0x00007ff8ff700000 - 0x00007ff8ff782000 	C:\Windows\System32\bcryptPrimitives.dll
0x00007ff8b4c30000 - 0x00007ff8b4c56000 	C:\Program Files\Microsoft\jdk-17.0.19.10-hotspot\bin\java.dll
0x00007ff8b4b50000 - 0x00007ff8b4c26000 	C:\Program Files\Microsoft\jdk-17.0.19.10-hotspot\bin\jsvml.dll
0x00007ff8ffd00000 - 0x00007ff900444000 	C:\Windows\System32\SHELL32.dll
0x00007ff8fcb50000 - 0x00007ff8fd2e4000 	C:\Windows\SYSTEM32\windows.storage.dll
0x00007ff901320000 - 0x00007ff901675000 	C:\Windows\System32\combase.dll
0x00007ff8fe950000 - 0x00007ff8fe97e000 	C:\Windows\SYSTEM32\Wldp.dll
0x00007ff9004f0000 - 0x00007ff90059d000 	C:\Windows\System32\SHCORE.dll
0x00007ff901750000 - 0x00007ff9017a5000 	C:\Windows\System32\shlwapi.dll
0x00007ff8fee40000 - 0x00007ff8fee5f000 	C:\Windows\SYSTEM32\profapi.dll
0x00007ff8b4b30000 - 0x00007ff8b4b4b000 	C:\Program Files\Microsoft\jdk-17.0.19.10-hotspot\bin\net.dll
0x00007ff8f96c0000 - 0x00007ff8f97cc000 	C:\Windows\SYSTEM32\WINHTTP.dll
0x00007ff8fe6b0000 - 0x00007ff8fe71a000 	C:\Windows\system32\mswsock.dll
0x00007ff8b4b10000 - 0x00007ff8b4b26000 	C:\Program Files\Microsoft\jdk-17.0.19.10-hotspot\bin\nio.dll
0x00007ff8b4af0000 - 0x00007ff8b4b08000 	C:\Program Files\Microsoft\jdk-17.0.19.10-hotspot\bin\zip.dll
0x00007ff8b4ae0000 - 0x00007ff8b4aea000 	C:\Program Files\Microsoft\jdk-17.0.19.10-hotspot\bin\management.dll
0x00007ff8b4ad0000 - 0x00007ff8b4adc000 	C:\Program Files\Microsoft\jdk-17.0.19.10-hotspot\bin\management_ext.dll
0x00007ff900d50000 - 0x00007ff900d58000 	C:\Windows\System32\PSAPI.DLL
0x00007ff8b4aa0000 - 0x00007ff8b4ac7000 	C:\Users\Dell\.gradle\native\660c5614fbf4a5f2a75b1949f50a0caf5cd603558e7d8a26e50b933a0cfb79d1\windows-amd64\native-platform.dll
0x00007ff8dff00000 - 0x00007ff8dff24000 	C:\Users\Dell\.gradle\native\jansi\2.4.2\Windows\x86_64\jansi.dll
0x00007ff8fe350000 - 0x00007ff8fe38b000 	C:\Windows\SYSTEM32\IPHLPAPI.DLL
0x00007ff900900000 - 0x00007ff900908000 	C:\Windows\System32\NSI.dll
0x00007ff8f3090000 - 0x00007ff8f30a7000 	C:\Windows\SYSTEM32\dhcpcsvc6.DLL
0x00007ff8f3df0000 - 0x00007ff8f3e0d000 	C:\Windows\SYSTEM32\dhcpcsvc.DLL
0x00007ff8fe3a0000 - 0x00007ff8fe46b000 	C:\Windows\SYSTEM32\DNSAPI.dll
0x00007ff8b4a60000 - 0x00007ff8b4a69000 	C:\Program Files\Microsoft\jdk-17.0.19.10-hotspot\bin\extnet.dll
0x00007ff8fe8a0000 - 0x00007ff8fe8b8000 	C:\Windows\SYSTEM32\CRYPTSP.dll
0x00007ff8fdfc0000 - 0x00007ff8fdff4000 	C:\Windows\system32\rsaenh.dll
0x00007ff8ff570000 - 0x00007ff8ff597000 	C:\Windows\System32\bcrypt.dll
0x00007ff8fedc0000 - 0x00007ff8fedee000 	C:\Windows\SYSTEM32\USERENV.dll
0x00007ff8fe8c0000 - 0x00007ff8fe8cc000 	C:\Windows\SYSTEM32\CRYPTBASE.dll
0x00007ff8f9040000 - 0x00007ff8f904e000 	C:\Program Files\Microsoft\jdk-17.0.19.10-hotspot\bin\sunmscapi.dll
0x00007ff8ff5a0000 - 0x00007ff8ff6f6000 	C:\Windows\System32\CRYPT32.dll
0x00007ff8fe9c0000 - 0x00007ff8fe9e7000 	C:\Windows\SYSTEM32\ncrypt.dll
0x00007ff8fe980000 - 0x00007ff8fe9bb000 	C:\Windows\SYSTEM32\NTASN1.dll
0x00007ff8f50b0000 - 0x00007ff8f50b7000 	C:\Windows\system32\wshunix.dll
0x00007ff8f5000000 - 0x00007ff8f5010000 	C:\Program Files\Microsoft\jdk-17.0.19.10-hotspot\bin\verify.dll

dbghelp: loaded successfully - version: 4.0.5 - missing functions: none
symbol engine: initialized successfully - sym options: 0x614 - pdb path: .;C:\Program Files\Microsoft\jdk-17.0.19.10-hotspot\bin;C:\Windows\SYSTEM32;C:\Windows\WinSxS\amd64_microsoft.windows.common-controls_6595b64144ccf1df_6.0.19041.1110_none_60b5254171f9507e;C:\Program Files\Microsoft\jdk-17.0.19.10-hotspot\bin\server;C:\Users\Dell\.gradle\native\660c5614fbf4a5f2a75b1949f50a0caf5cd603558e7d8a26e50b933a0cfb79d1\windows-amd64;C:\Users\Dell\.gradle\native\jansi\2.4.2\Windows\x86_64

VM Arguments:
jvm_args: -Xmx64m -Xms64m -Dorg.gradle.appname=gradlew 
java_command: E:\Mobile App Development\OurFirstClass\android\\gradle\wrapper\gradle-wrapper.jar app:installDebug -PreactNativeDevServerPort=8081
java_class_path (initial): E:\Mobile App Development\OurFirstClass\android\\gradle\wrapper\gradle-wrapper.jar
Launcher Type: SUN_STANDARD

[Global flags]
     bool UseCompressedOops                        = true                           {product lp64_product} {ergonomic}
     bool UseCompressedClassPointers               = true                           {product lp64_product} {ergonomic}
     bool UseLargePagesIndividualAllocation        = false                                  {pd product} {ergonomic}
     intx CICompilerCount                          = 3                                         {product} {ergonomic}
   size_t MinHeapDeltaBytes                        = 1048576                                   {product} {ergonomic}
     bool SegmentedCodeCache                       = true                                      {product} {ergonomic}
    uintx ReservedCodeCacheSize                    = 251658240                              {pd product} {ergonomic}
    uintx NonProfiledCodeHeapSize                  = 122912730                              {pd product} {ergonomic}
    uintx ProfiledCodeHeapSize                     = 122912730                              {pd product} {ergonomic}
    uintx NonNMethodCodeHeapSize                   = 5832780                                {pd product} {ergonomic}
   size_t G1HeapRegionSize                         = 1048576                                   {product} {ergonomic}
     uint G1ConcRefinementThreads                  = 4                                         {product} {ergonomic}
     bool UseG1GC                                  = true                                      {product} {ergonomic}
     uint ConcGCThreads                            = 1                                         {product} {ergonomic}
   size_t MarkStackSize                            = 4194304                                   {product} {ergonomic}
   size_t MinHeapSize                              = 67108864                                  {product} {command line}
   size_t InitialHeapSize                          = 67108864                                  {product} {command line}
   size_t MaxHeapSize                              = 67108864                                  {product} {command line}
   size_t SoftMaxHeapSize                          = 67108864                               {manageable} {ergonomic}
   size_t MaxNewSize                               = 39845888                                  {product} {ergonomic}
    uintx GCDrainStackTargetSize                   = 64                                        {product} {ergonomic}

Logging:
Log output configuration:
 #0: stdout all=warning uptime,level,tags
 #1: stderr all=off uptime,level,tags

Environment Variables:
JAVA_HOME=C:\Program Files\Microsoft\jdk-17.0.19.10-hotspot
PATH=E:\Mobile App Development\OurFirstClass\node_modules\.bin;E:\Mobile App Development\node_modules\.bin;E:\node_modules\.bin;C:\Users\Dell\AppData\Roaming\npm\node_modules\npm\node_modules\@npmcli\run-script\lib\node-gyp-bin;C:\Program Files\Microsoft\jdk-17.0.19.10-hotspot\bin;C:\Python314\Scripts\;C:\Python314\;C:\Windows\system32;C:\Windows;C:\Windows\System32\Wbem;C:\Windows\System32\WindowsPowerShell\v1.0\;C:\Windows\System32\OpenSSH\;C:\Program Files\nodejs\;C:\ProgramData\chocolatey\bin;C:\Program Files\Microsoft\jdk-17.0.19.10-hotspot\bin;E:\Program Files\Git\cmd;C:\Users\Dell\AppData\Local\Microsoft\WindowsApps;C:\Users\Dell\AppData\Roaming\npm;E:\Users\Dell\AppData\Local\Programs\Microsoft VS Code\bin;C:\Users\Dell\AppData\Local\Android\Sdk\platform-tools;C:\Users\Dell\AppData\Local\Android\Sdk\emulator;C:\Users\Dell\AppData\Local\Android\Sdk\cmdline-tools\latest\bin;
USERNAME=Dell
LANG=en_US.UTF-8
OS=Windows_NT
PROCESSOR_IDENTIFIER=Intel64 Family 6 Model 61 Stepping 4, GenuineIntel
TMP=C:\Users\Dell\AppData\Local\Temp
TEMP=C:\Users\Dell\AppData\Local\Temp



Periodic native trim disabled


---------------  S Y S T E M  ---------------

OS:
 Windows 10 , 64 bit Build 19041 (10.0.19041.1348)
OS uptime: 0 days 0:50 hours

CPU: total 4 (initial active 4) (2 cores per cpu, 2 threads per core) family 6 model 61 stepping 4 microcode 0x2f, cx8, cmov, fxsr, ht, mmx, 3dnowpref, sse, sse2, sse3, ssse3, sse4.1, sse4.2, popcnt, lzcnt, tsc, tscinvbit, avx, avx2, aes, erms, clmul, bmi1, bmi2, rtm, adx, fma, vzeroupper, clflush
Processor Information for the first 4 processors :
  Max Mhz: 1397, Current Mhz: 1197, Mhz Limit: 1187

Memory: 4k page, system-wide physical 7729M (270M free)
TotalPageFile size 14154M (AvailPageFile size 0M)
current process WorkingSet (physical memory assigned to process): 99M, peak: 106M
current process commit charge ("private bytes"): 158M, peak: 166M

vm_info: OpenJDK 64-Bit Server VM (17.0.19+10-LTS) for windows-amd64 JRE (17.0.19+10-LTS), built on Apr 18 2026 18:24:40 by "MicrosoftCorporation" with MS VC++ 17.14 (VS2022)

END.
